<!DOCTYPE html>
<html>
<head>
	<meta charset="utf-8">
	<title></title>
</head>
<body>
	This is the header.
	Lorem ipsum dolor sit amet, consectetur adipisicing elit. Illo, at saepe quasi quas facilis doloribus aspernatur nesciunt rem. Optio, autem, earum eos corporis laborum voluptas labore natus praesentium saepe facere.
</body>
</html>
